2026-09-23 00:41:17,082 | INFO | app.main | HTTP GET /docs | Status: 200 | Duration: 0.0014s
2026-09-23 00:41:17,312 | INFO | watchfiles.main | 1 change detected
2026-09-23 00:41:17,717 | INFO | watchfiles.main | 1 change detected
2026-09-23 00:41:18,280 | INFO | app.main | HTTP GET /openapi.json | Status: 200 | Duration: 0.3128s
2026-09-23 00:42:50,167 | INFO | watchfiles.main | 1 change detected
2026-09-23 00:43:12,655 | INFO | watchfiles.main | 1 change detected
2026-09-23 00:43:12,772 | INFO | app.services.auth_service | User logged in successfully: Shoubo
2026-09-23 00:43:12,774 | INFO | app.main | HTTP POST /api/v1/auth/login | Status: 200 | Duration: 0.1657s
2026-09-23 00:43:13,061 | INFO | watchfiles.main | 1 change detected
2026-09-23 00:43:24,417 | INFO | watchfiles.main | 1 change detected
2026-09-23 00:43:32,644 | INFO | watchfiles.main | 1 change detected
2026-09-23 00:44:06,302 | INFO | app.main | HTTP GET /api/v1/sales/ | Status: 200 | Duration: 0.0284s
2026-09-23 00:44:15,623 | INFO | watchfiles.main | 1 change detected
2026-09-23 00:44:30,669 | INFO | watchfiles.main | 1 change detected
2026-09-23 00:44:45,721 | INFO | watchfiles.main | 1 change detected
2026-09-23 00:44:59,919 | INFO | app.services.sales_service | Sale created: Tablet|Sale ID: 9|User: Shoubo|
2026-09-23 00:44:59,920 | INFO | app.main | HTTP POST /api/v1/sales/ | Status: 200 | Duration: 0.0443s
2026-09-23 00:44:59,983 | INFO | watchfiles.main | 3 changes detected
2026-09-23 00:45:00,739 | INFO | watchfiles.main | 1 change detected
2026-09-23 00:45:15,795 | INFO | watchfiles.main | 1 change detected
2026-09-23 00:45:37,346 | INFO | watchfiles.main | 1 change detected
2026-09-23 00:45:52,133 | INFO | watchfiles.main | 1 change detected
2026-09-23 00:46:05,251 | INFO | app.main | HTTP DELETE /api/v1/sales/5 | Status: 404 | Duration: 0.0072s
2026-09-23 00:46:07,156 | INFO | watchfiles.main | 1 change detected
2026-09-23 00:46:11,142 | INFO | watchfiles.main | 1 change detected
2026-09-23 00:46:29,831 | INFO | app.services.analytics_service | Revenue analytics requested | User: Shoubo
2026-09-23 00:46:29,832 | INFO | app.main | HTTP GET /api/v1/analytics/revenue | Status: 200 | Duration: 0.0068s
2026-09-23 00:46:38,883 | INFO | app.services.analytics_service | Revenue analytics requested | User: Shoubo
2026-09-23 00:46:38,884 | INFO | app.main | HTTP GET /api/v1/analytics/revenue | Status: 200 | Duration: 0.0059s
2026-09-23 00:46:42,782 | INFO | watchfiles.main | 1 change detected
2026-09-23 00:47:33,441 | INFO | watchfiles.main | 1 change detected
2026-09-23 00:48:03,869 | INFO | watchfiles.main | 1 change detected
